// Vitest Snapshot v1

exports[`Test on <Search /> > Should show correct with default values 1`] = `
<div>
  <h1>
    Search
  </h1>
  <hr />
  <div
    class="row"
  >
    <div
      class="col-5"
    >
      <h4>
        Seaching
      </h4>
      <hr />
      <form
        aria-label="form"
      >
        <input
          autocomplete="off"
          class="form-control"
          name="searchText"
          placeholder="Search a hero"
          type="text"
        />
        <button
          class="btn btn-outline-primary mt-1"
          type="submit"
        >
          Search
        </button>
      </form>
    </div>
    <div
      class="col-7"
    >
      <h4>
        Results
      </h4>
      <hr />
      <div
        aria-label="info-search-hero"
        class="alert alert-primary"
      >
        Search a hero
      </div>
      <div
        aria-label="alert-hero-notfound"
        class="alert alert-danger"
        style="display: none;"
      >
        No hero found
      </div>
    </div>
  </div>
</div>
`;
